// Jest Snapshot v1, https://goo.gl/fbAQLP

exports[`<Pagination />  renders pagination for 18 items 1`] = `
<div
  className="PaginationStyles-sc-6gbnjy-0 krmcwi"
  data-test="pagination"
>
  <SideEffect(Head)>
    <Head />
  </SideEffect(Head)>
  <Link
    href={
      Object {
        "pathname": "items",
        "query": Object {
          "page": 4,
        },
      }
    }
    prefetch={true}
  >
    <a
      aria-disabled={false}
      className="prev"
      href="items?page=4"
      onClick={[Function]}
    >
      ← Prev
    </a>
  </Link>
  <p>
    Page 
    5
     of
    <span
      className="totalPages"
    >
      5
    </span>
    !
  </p>
  <p>
    18
     Items Total
  </p>
  <Link
    href={
      Object {
        "pathname": "items",
        "query": Object {
          "page": 6,
        },
      }
    }
    prefetch={true}
  >
    <a
      aria-disabled={true}
      className="next"
      href="items?page=6"
      onClick={[Function]}
    >
      Next →
    </a>
  </Link>
</div>
`;
